// Jest Snapshot v1, https://goo.gl/fbAQLP

exports[`ClaySpinner should render 1`] = `
<span
  aria-hidden="true"
  class="loading-animation"
  data-testid="spinner"
/>
`;
